// Jest Snapshot v1, https://goo.gl/fbAQLP

exports[`Col should work with span and offset 1`] = `
<div>
  <div>
    <div
      class="jsx-1815154890 col "
    >
      col
    </div>
    <div
      class="jsx-1049252664 col "
    >
      col
    </div>
  </div>
</div>
`;
